Parsing CQL a b
@attr 6=1 @attr 2=3 @attr 4=1 @and @attr 3=3 @attr 6=1 @attr 5=100 @attr 1=1016 "a" @attr 3=3 @attr 6=1 @attr 5=100 @attr 1=1016 "b" 
