Parsing CQL title = fish
@attr 6=1 @attr 2=3 @attr 4=1 @attr 3=3 @attr 6=1 @attr 5=100 @attr 1=4 "fish" 
