Parsing CQL cat and fish
@and @attr 6=1 @attr 2=3 @attr 4=1 @attr 3=3 @attr 6=1 @attr 5=100 @attr 1=1016 "cat" @attr 6=1 @attr 2=3 @attr 4=1 @attr 3=3 @attr 6=1 @attr 5=100 @attr 1=1016 "fish" 
