Parsing CQL a?a
@attr 6=1 @attr 2=3 @attr 4=1 @attr 3=3 @attr 6=1 @attr 5=104 @attr 1=1016 "a#a" 
