Parsing CQL ^a\^
@attr 6=1 @attr 2=3 @attr 4=1 @attr 3=1 @attr 6=1 @attr 5=100 @attr 1=1016 "a^" 
