Parsing CQL dc.title=/unmasked a*b
@attr 6=1 @attr 2=3 @attr 4=1 @attr 1=4 @attr 5=100 "a*b" 
