Parsing CQL dc.title=/regexp a.*b
@attr 6=1 @attr 2=3 @attr 4=1 @attr 1=4 @attr 5=102 "a.*b" 
