<searchClause>
  <index>cql.serverChoice</index>
  <relation>
    <value>=</value>
  </relation>
  <term>comp.os.linux</term>
</searchClause>
