<searchClause>
  <index>cql.serverChoice</index>
  <relation>
    <value>=</value>
  </relation>
  <term>&lt;xml:element&gt;</term>
</searchClause>
