<searchClause>
  <index>cql.serverChoice</index>
  <relation>
    <value>=</value>
  </relation>
  <term>prox/distance&lt;3/unit=word</term>
</searchClause>
