<searchClause>
  <index>cql.serverChoice</index>
  <relation>
    <value>=</value>
  </relation>
  <term>a.b</term>
  <term>c</term>
</searchClause>
