<searchClause>
  <index>cql.serverChoice</index>
  <relation>
    <value>=</value>
  </relation>
  <term>all</term>
  <term>a</term>
</searchClause>
