<searchClause>
  <index>a</index>
  <relation>
    <value>any</value>
  </relation>
  <term>b</term>
</searchClause>
