<searchClause>
  <index>cql.serverChoice</index>
  <relation>
    <value>=</value>
  </relation>
  <term>a</term>
  <sortKeys>
    <key>
      <index>title</index>
    </key>
  </sortKeys>
</searchClause>
