<searchClause>
  <index>dc.title</index>
  <relation>
    <value>any</value>
    <modifiers>
      <modifier>
        <type>stem</type>
      </modifier>
    </modifiers>
  </relation>
  <term>fish</term>
</searchClause>
