<searchClause>
  <index>dc.fish</index>
  <relation>
    <value>all</value>
    <modifiers>
      <modifier>
        <type>fuzzy</type>
      </modifier>
      <modifier>
        <type>stem</type>
      </modifier>
    </modifiers>
  </relation>
  <term>fish chips</term>
</searchClause>
