<triple>
  <boolean>
    <value>or</value>
  </boolean>
  <leftOperand>
    <searchClause>
      <index>cql.serverChoice</index>
      <relation>
        <value>=</value>
      </relation>
      <term>fred</term>
    </searchClause>
  </leftOperand>
  <rightOperand>
    <searchClause>
      <index>cql.serverChoice</index>
      <relation>
        <value>=</value>
      </relation>
      <term>all</term>
    </searchClause>
  </rightOperand>
</triple>
