<triple>
  <boolean>
    <value>or</value>
  </boolean>
  <leftOperand>
    <searchClause>
      <index>title</index>
      <relation>
        <value>any</value>
        <modifiers>
          <modifier>
            <type>stem</type>
          </modifier>
        </modifiers>
      </relation>
      <term>fish dog</term>
    </searchClause>
  </leftOperand>
  <rightOperand>
    <searchClause>
      <index>cql.serverChoice</index>
      <relation>
        <value>=</value>
      </relation>
      <term>and</term>
    </searchClause>
  </rightOperand>
</triple>
