<triple>
  <boolean>
    <value>and</value>
    <modifiers>
      <modifier>
        <type>rel.SumOfScores</type>
      </modifier>
    </modifiers>
  </boolean>
  <leftOperand>
    <searchClause>
      <index>cql.serverChoice</index>
      <relation>
        <value>=</value>
      </relation>
      <term>a</term>
    </searchClause>
  </leftOperand>
  <rightOperand>
    <searchClause>
      <index>cql.serverChoice</index>
      <relation>
        <value>=</value>
      </relation>
      <term>b</term>
    </searchClause>
  </rightOperand>
</triple>
