<searchClause>
  <index>cql.serverChoice</index>
  <relation>
    <value>=</value>
  </relation>
  <term>^cat says \"fish\"</term>
</searchClause>
