<searchClause>
  <index>cql.serverChoice</index>
  <relation>
    <value>=</value>
  </relation>
  <term>^cat*fishdog\"horse?</term>
</searchClause>
